  ADDR B1 B2 B3 B4 thrass11.tmp                                     PAGE       1

                   RWM     EQU     $0000
                   ROM     EQU     $C000
                   RESET   EQU     $FFFE

                           ORG     RwM
                   valor   RMB     1

                           ORG     ROM
  C000 86 1A               LDAA    #26
  C002 97 00               STAA    $0000

  C004 4F                  CLRA
  C005 5F                  CLRB
  C006 96 00               LDAA    valor
                   loop
  C008 4D                  TSTA            *COMPARO A CONTRA 0
  C009 23 05               BLS     FIN     *SALTO SI ES MENOR O IGUAL

  C00B 16                  TAB             *COPIO A EN B
  C00C 80 09               SUBA #9 *RESTO 9 A A
                   *       BNE     FIN     *SALTO SI ES CERO
  C00E 2A F8               BPL     loop    *REPITO EL CICLO

  C010 20 FE       FIN     BRA     FIN

                           ORG     RESET
  FFFE C0 00               DW      ROM

  Symbol Table 

  RWM                0000
  RESET              FFFE
  FIN                C010
  ROM                C000
  LOOP               C008
  VALOR              0000
